[2024-05-20 11:11:59] [INFO   ] Создан отчет 
[2024-05-20 11:11:59] [INFO   ] Создан отчет 
[2024-05-20 11:11:59] [INFO   ] Проверка наличия свободных мест 
[2024-05-20 11:11:59] [INFO   ] Получено количество свободных мест 
[2024-05-20 11:11:59] [INFO   ] Получено количество захороненных человек 
[2024-05-20 11:11:59] [INFO   ] Проверка наличия свободных мест 
[2024-05-20 11:11:59] [INFO   ] Получено количество свободных мест 
[2024-05-20 11:11:59] [INFO   ] Оплата была получена 
[2024-05-20 11:11:59] [INFO   ] Люди были успешно откопаны 
[2024-05-20 11:11:59] [INFO   ] Получен размер кладбища 
[2024-05-20 11:11:59] [INFO   ] Проверка наличия свободных мест 
[2024-05-20 11:11:59] [INFO   ] Получено количество свободных мест 
[2024-05-20 11:11:59] [INFO   ] Отчет успешно выведен 
[2024-05-20 11:18:03] [INFO   ] Создан отчет 
[2024-05-20 11:18:03] [INFO   ] Создан отчет 
[2024-05-20 11:18:03] [INFO   ] Проверка наличия свободных мест 
[2024-05-20 11:18:03] [INFO   ] Получено количество свободных мест 
[2024-05-20 11:18:03] [INFO   ] Получено количество захороненных человек 
[2024-05-20 11:18:03] [INFO   ] Проверка наличия свободных мест 
[2024-05-20 11:18:03] [INFO   ] Получено количество свободных мест 
[2024-05-20 11:18:03] [INFO   ] Оплата была получена 
[2024-05-20 11:18:03] [INFO   ] Люди были успешно откопаны 
[2024-05-20 11:18:03] [INFO   ] Получен размер кладбища 
[2024-05-20 11:18:03] [INFO   ] Проверка наличия свободных мест 
[2024-05-20 11:18:03] [INFO   ] Получено количество свободных мест 
[2024-05-20 11:18:03] [INFO   ] Отчет успешно выведен 
[2024-05-20 11:18:06] [INFO   ] Был выведен новый отчет 
[2024-05-20 11:18:06] [INFO   ] Проверка наличия свободных мест 
[2024-05-20 11:18:06] [INFO   ] Получено количество свободных мест 
[2024-05-20 11:18:06] [INFO   ] Получено количество захороненных человек 
[2024-05-20 11:18:06] [INFO   ] Проверка наличия свободных мест 
[2024-05-20 11:18:06] [INFO   ] Получено количество свободных мест 
[2024-05-20 11:18:06] [INFO   ] Оплата была получена 
[2024-05-20 11:18:06] [INFO   ] Люди были успешно откопаны 
[2024-05-20 11:18:06] [INFO   ] Получен размер кладбища 
[2024-05-20 11:18:06] [INFO   ] Проверка наличия свободных мест 
[2024-05-20 11:18:06] [INFO   ] Получено количество свободных мест 
[2024-05-20 11:18:06] [INFO   ] Отчет успешно выведен 
[2024-05-20 11:18:10] [INFO   ] Был выведен новый отчет 
[2024-05-20 11:19:25] [INFO   ] Создан отчет 
[2024-05-20 11:19:25] [INFO   ] Создан отчет 
[2024-05-20 11:19:25] [INFO   ] Проверка наличия свободных мест 
[2024-05-20 11:19:25] [INFO   ] Получено количество свободных мест 
[2024-05-20 11:19:25] [INFO   ] Получено количество захороненных человек 
[2024-05-20 11:19:25] [INFO   ] Проверка наличия свободных мест 
[2024-05-20 11:19:25] [INFO   ] Получено количество свободных мест 
[2024-05-20 11:19:25] [INFO   ] Оплата была получена 
[2024-05-20 11:19:25] [INFO   ] Люди были успешно откопаны 
[2024-05-20 11:19:25] [INFO   ] Получен размер кладбища 
[2024-05-20 11:19:25] [INFO   ] Проверка наличия свободных мест 
[2024-05-20 11:19:25] [INFO   ] Получено количество свободных мест 
[2024-05-20 11:19:25] [INFO   ] Отчет успешно выведен 
[2024-05-20 11:19:28] [INFO   ] Был выведен новый отчет 
[2024-05-20 11:19:28] [INFO   ] Проверка наличия свободных мест 
[2024-05-20 11:19:28] [INFO   ] Получено количество свободных мест 
[2024-05-20 11:19:28] [INFO   ] Получено количество захороненных человек 
[2024-05-20 11:19:28] [INFO   ] Проверка наличия свободных мест 
[2024-05-20 11:19:28] [INFO   ] Получено количество свободных мест 
[2024-05-20 11:19:28] [INFO   ] Оплата была получена 
[2024-05-20 11:19:28] [INFO   ] Люди были успешно откопаны 
[2024-05-20 11:19:28] [INFO   ] Получен размер кладбища 
[2024-05-20 11:19:28] [INFO   ] Проверка наличия свободных мест 
[2024-05-20 11:19:28] [INFO   ] Получено количество свободных мест 
[2024-05-20 11:19:28] [INFO   ] Отчет успешно выведен 
[2024-05-20 11:19:30] [INFO   ] Был выведен новый отчет 
[2024-05-20 11:19:30] [INFO   ] Проверка наличия свободных мест 
[2024-05-20 11:19:30] [INFO   ] Получено количество свободных мест 
[2024-05-20 11:19:30] [INFO   ] Получено количество захороненных человек 
[2024-05-20 11:19:30] [INFO   ] Проверка наличия свободных мест 
[2024-05-20 11:19:30] [INFO   ] Получено количество свободных мест 
[2024-05-20 11:19:30] [INFO   ] Оплата была получена 
[2024-05-20 11:19:30] [INFO   ] Люди были успешно откопаны 
[2024-05-20 11:19:30] [INFO   ] Получен размер кладбища 
[2024-05-20 11:19:30] [INFO   ] Проверка наличия свободных мест 
[2024-05-20 11:19:30] [INFO   ] Получено количество свободных мест 
[2024-05-20 11:19:30] [INFO   ] Отчет успешно выведен 
